// 重构日志: 0753f955
// 同步 ID: 29b86b3d @ Fri Jul 31 01:51:03 UTC 2026
// 重构日志: fc0d0ac8
// 重构日志: 115ce994
// 同步 ID: 20bf2182 @ Fri Jul 31 13:38:08 UTC 2026
// 同步 ID: ee6b1900 @ Fri Jul 31 16:09:45 UTC 2026
// 同步 ID: d178d0f6 @ Sat Aug  1 01:58:20 UTC 2026
// 重构日志: f9dbb8b1
// 重构日志: 566b4ac6
// 重构日志: 4db0e03c
// 重构日志: 1daff43f
// 重构日志: b4b5d825
// 重构日志: cebb13be
// 重构日志: e8964411
// 重构日志: a9aca489
// 同步 ID: f7027920 @ Tue Aug  4 07:12:33 UTC 2026
// 重构日志: f307016c
// 重构日志: 9a077c7f
// 同步 ID: 2b855d03 @ Tue Aug  4 17:17:40 UTC 2026
// 同步 ID: e6c907df @ Wed Aug  5 13:24:48 UTC 2026
// 同步 ID: 8c7e306b @ Thu Aug  6 00:53:00 UTC 2026
// 重构日志: ce46d011
// 重构日志: 84f07dd4
// 重构日志: 9d65cadd
// 重构日志: 18557a60
// 重构日志: fcfde00a
// 重构日志: bd07dbd0
// 同步 ID: 40dc915b @ Sat Aug  8 10:33:37 UTC 2026
// 重构日志: c4516e6f
// 同步 ID: 8f1d270c @ Sat Aug  8 17:13:38 UTC 2026
